../TensorGapsRefactored.lean:1213:54: error: unsolved goals
ι : Type l
inst✝⁷ : Fintype ι
inst✝⁶ : Nonempty ι
inst✝⁵ : DecidableEq ι
F : Type
inst✝⁴ : CommRing F
inst✝³ : Fintype F
A : Type
inst✝² : DecidableEq A
inst✝¹ : AddCommGroup A
inst✝ : Module F A
MC : ModuleCode ι F A
e n : ℕ
u : WordStack A (Fin (2 ^ (n + 1))) ι
r : Fin (n + 1) → F
⊢ (Δ₀(multilinearCombine
          (affineLineEvaluation (splitHalfRowWiseInterleavedWords u).1 (splitHalfRowWiseInterleavedWords u).2
            (r (Fin.last n)))
          (Fin.init r),
        ↑MC) ≤
      ↑e) =
    have U₀ := (splitHalfRowWiseInterleavedWords u).1;
    have U₁ := (splitHalfRowWiseInterleavedWords u).2;
    Δ₀(multilinearCombine (affineLineEvaluation U₀ U₁ (r (Fin.last n))) fun i => r i.castSucc, ↑MC) ≤ ↑e
interleaved_affine_gaps_imply_tensor_gaps.{l} {ι : Type l} [Fintype ι] [Nonempty ι] [DecidableEq ι] {F : Type}
  [CommRing F] [Fintype F] {A : Type} [DecidableEq A] [AddCommGroup A] [Module F A] (MC : ModuleCode ι F A) {e ε : ℕ}
  (hC_proximityGapAffineLines : e_ε_correlatedAgreementAffineLinesNat (↑MC) e ε)
  (h_interleaved_gaps :
    ∀ m ≥ 1, e_ε_correlatedAgreementAffineLinesNat (↑(CodeInterleavable.interleaveCode MC (Fin m))) e ε)
  (ϑ : ℕ) (hϑ_gt_0 : ϑ > 0) : δ_ε_multilinearCorrelatedAgreement_Nat (↑MC) ϑ e ε
'interleaved_affine_gaps_imply_tensor_gaps' depends on axioms: [propext, sorryAx, Classical.choice, Quot.sound]
